// Bun Snapshot v1, https://goo.gl/fbAQLP

exports[`getReactModifierPropsToTailwindModifierClassNamesMap Matches snapshot 1`] = `
{
  "_2xl": "2xl:",
  "_active": "active:",
  "_after": "after:",
  "_ariaBusy": "aria-busy:",
  "_ariaChecked": "aria-checked:",
  "_ariaDisabled": "aria-disabled:",
  "_ariaExpanded": "aria-expanded:",
  "_ariaHidden": "aria-hidden:",
  "_ariaPressed": "aria-pressed:",
  "_ariaReadonly": "aria-readonly:",
  "_ariaRequired": "aria-required:",
  "_ariaSelected": "aria-selected:",
  "_autofill": "autofill:",
  "_backdrop": "backdrop:",
  "_checked": "checked:",
  "_cmdkGroup": "cmdkGroup:",
  "_cmdkGroupHeading": "cmdkGroupHeading:",
  "_cmdkGroupItems": "cmdkGroupItems:",
  "_cmdkInput": "cmdkInput:",
  "_cmdkInputSvg": "cmdkInputSvg:",
  "_cmdkItem": "cmdkItem:",
  "_cmdkItemSvg": "cmdkItemSvg:",
  "_contrastLess": "contrast-less:",
  "_contrastMore": "contrast-more:",
  "_dark": "dark:",
  "_dataDisabled": "data-[disabled=true]:",
  "_default": "default:",
  "_disabled": "disabled:",
  "_empty": "empty:",
  "_enabled": "enabled:",
  "_even": "even:",
  "_file": "file:",
  "_first": "first:",
  "_firstOfType": "first-of-type:",
  "_focus": "focus:",
  "_focusVisible": "focus-visible:",
  "_focusWithin": "focus-within:",
  "_forcedColors": "forced-colors:",
  "_hover": "hover:",
  "_inRange": "in-range:",
  "_indeterminate": "indeterminate:",
  "_invalid": "invalid:",
  "_last": "last:",
  "_lastOfType": "last-of-type:",
  "_lg": "lg:",
  "_md": "md:",
  "_motionReduce": "motion-reduce:",
  "_motionSafe": "motion-safe:",
  "_odd": "odd:",
  "_only": "only:",
  "_onlyOfType": "only-of-type:",
  "_outOfRange": "out-of-range:",
  "_placeholder": "placeholder:",
  "_placeholderShown": "placeholder-shown:",
  "_readonly": "read-only:",
  "_required": "required:",
  "_selection": "selection:",
  "_sm": "sm:",
  "_target": "target:",
  "_valid": "valid:",
  "_visited": "visited:",
  "_xl": "xl:",
}
`;
