// Bun Snapshot v1, https://goo.gl/fbAQLP

exports[`getTailwindModifierClassNamesToReactPropsMap Matches snapshot 1`] = `
{
  "2xl": "_2xl",
  "active": "_active",
  "after": "_after",
  "aria-busy": "_ariaBusy",
  "aria-checked": "_ariaChecked",
  "aria-disabled": "_ariaDisabled",
  "aria-expanded": "_ariaExpanded",
  "aria-hidden": "_ariaHidden",
  "aria-pressed": "_ariaPressed",
  "aria-readonly": "_ariaReadonly",
  "aria-required": "_ariaRequired",
  "aria-selected": "_ariaSelected",
  "autofill": "_autofill",
  "backdrop": "_backdrop",
  "checked": "_checked",
  "cmdkGroup": "_cmdkGroup",
  "cmdkGroupHeading": "_cmdkGroupHeading",
  "cmdkGroupItems": "_cmdkGroupItems",
  "cmdkInput": "_cmdkInput",
  "cmdkInputSvg": "_cmdkInputSvg",
  "cmdkItem": "_cmdkItem",
  "cmdkItemSvg": "_cmdkItemSvg",
  "contrast-less": "_contrastLess",
  "contrast-more": "_contrastMore",
  "dark": "_dark",
  "data-[disabled=true]": "_dataDisabled",
  "default": "_default",
  "disabled": "_disabled",
  "empty": "_empty",
  "enabled": "_enabled",
  "even": "_even",
  "file": "_file",
  "first": "_first",
  "first-of-type": "_firstOfType",
  "focus": "_focus",
  "focus-visible": "_focusVisible",
  "focus-within": "_focusWithin",
  "forced-colors": "_forcedColors",
  "hover": "_hover",
  "in-range": "_inRange",
  "indeterminate": "_indeterminate",
  "invalid": "_invalid",
  "last": "_last",
  "last-of-type": "_lastOfType",
  "lg": "_lg",
  "md": "_md",
  "motion-reduce": "_motionReduce",
  "motion-safe": "_motionSafe",
  "odd": "_odd",
  "only": "_only",
  "only-of-type": "_onlyOfType",
  "out-of-range": "_outOfRange",
  "placeholder": "_placeholder",
  "placeholder-shown": "_placeholderShown",
  "read-only": "_readonly",
  "required": "_required",
  "selection": "_selection",
  "sm": "_sm",
  "target": "_target",
  "valid": "_valid",
  "visited": "_visited",
  "xl": "_xl",
}
`;
