// Bun Snapshot v1, https://goo.gl/fbAQLP

exports[`getHtmlTagAsReactComponentsMap Matches snapshot 1`] = `
{
  "a": {
    "defaultProps": {},
    "name": "Anchor",
  },
  "article": {
    "defaultProps": {},
    "name": "Article",
  },
  "aside": {
    "defaultProps": {},
    "name": "Aside",
  },
  "button": {
    "defaultProps": {},
    "name": "Pressable",
  },
  "div": {
    "defaultProps": {},
    "name": "Box",
  },
  "em": {
    "defaultProps": {
      "as": "em",
    },
    "name": "Text",
  },
  "footer": {
    "defaultProps": {},
    "name": "Footer",
  },
  "h1": {
    "defaultProps": {
      "as": "h1",
    },
    "name": "Text",
  },
  "h2": {
    "defaultProps": {
      "as": "h2",
    },
    "name": "Text",
  },
  "h3": {
    "defaultProps": {
      "as": "h3",
    },
    "name": "Text",
  },
  "h4": {
    "defaultProps": {
      "as": "h4",
    },
    "name": "Text",
  },
  "h5": {
    "defaultProps": {
      "as": "h5",
    },
    "name": "Text",
  },
  "h6": {
    "defaultProps": {
      "as": "h6",
    },
    "name": "Text",
  },
  "header": {
    "defaultProps": {},
    "name": "Header",
  },
  "i": {
    "defaultProps": {
      "as": "i",
    },
    "name": "Text",
  },
  "img": {
    "defaultProps": {},
    "name": "Image",
  },
  "input": {
    "defaultProps": {},
    "name": "TextInput",
  },
  "label": {
    "defaultProps": {
      "as": "label",
    },
    "name": "Text",
  },
  "li": {
    "defaultProps": {},
    "name": "ListItem",
  },
  "main": {
    "defaultProps": {},
    "name": "Main",
  },
  "nav": {
    "defaultProps": {},
    "name": "Nav",
  },
  "ol": {
    "defaultProps": {
      "as": "ol",
    },
    "name": "List",
  },
  "option": {
    "defaultProps": {},
    "name": "Option",
  },
  "p": {
    "defaultProps": {
      "as": "p",
    },
    "name": "Text",
  },
  "pre": {
    "defaultProps": {
      "as": "pre",
    },
    "name": "Text",
  },
  "s": {
    "defaultProps": {
      "as": "s",
    },
    "name": "Text",
  },
  "section": {
    "defaultProps": {},
    "name": "Section",
  },
  "select": {
    "defaultProps": {},
    "name": "Select",
  },
  "span": {
    "defaultProps": {
      "as": "span",
    },
    "name": "Text",
  },
  "strong": {
    "defaultProps": {
      "as": "strong",
    },
    "name": "Text",
  },
  "sub": {
    "defaultProps": {
      "as": "sub",
    },
    "name": "Text",
  },
  "sup": {
    "defaultProps": {
      "as": "sup",
    },
    "name": "Text",
  },
  "table": {
    "defaultProps": {},
    "name": "Table",
  },
  "tbody": {
    "defaultProps": {},
    "name": "TableBody",
  },
  "td": {
    "defaultProps": {},
    "name": "TableCell",
  },
  "textarea": {
    "defaultProps": {},
    "name": "TextArea",
  },
  "th": {
    "defaultProps": {},
    "name": "TableHeadCell",
  },
  "thead": {
    "defaultProps": {},
    "name": "TableHead",
  },
  "tr": {
    "defaultProps": {},
    "name": "TableRow",
  },
  "u": {
    "defaultProps": {
      "as": "u",
    },
    "name": "Text",
  },
  "ul": {
    "defaultProps": {
      "as": "ul",
    },
    "name": "List",
  },
}
`;
